Archive member included because of file (symbol)

c:/freescale/kds_v3/toolchain/bin/../lib/gcc/arm-none-eabi/4.8.4/../../../../arm-none-eabi/lib/armv7e-m/fpu\libm.a(lib_a-wf_pow.o)
                              ./Sources/functions.o (powf)
c:/freescale/kds_v3/toolchain/bin/../lib/gcc/arm-none-eabi/4.8.4/../../../../arm-none-eabi/lib/armv7e-m/fpu\libm.a(lib_a-ef_pow.o)
                              c:/freescale/kds_v3/toolchain/bin/../lib/gcc/arm-none-eabi/4.8.4/../../../../arm-none-eabi/lib/armv7e-m/fpu\libm.a(lib_a-wf_pow.o) (__ieee754_powf)
c:/freescale/kds_v3/toolchain/bin/../lib/gcc/arm-none-eabi/4.8.4/../../../../arm-none-eabi/lib/armv7e-m/fpu\libm.a(lib_a-ef_sqrt.o)
                              c:/freescale/kds_v3/toolchain/bin/../lib/gcc/arm-none-eabi/4.8.4/../../../../arm-none-eabi/lib/armv7e-m/fpu\libm.a(lib_a-ef_pow.o) (__ieee754_sqrtf)
c:/freescale/kds_v3/toolchain/bin/../lib/gcc/arm-none-eabi/4.8.4/../../../../arm-none-eabi/lib/armv7e-m/fpu\libm.a(lib_a-s_lib_ver.o)
                              c:/freescale/kds_v3/toolchain/bin/../lib/gcc/arm-none-eabi/4.8.4/../../../../arm-none-eabi/lib/armv7e-m/fpu\libm.a(lib_a-wf_pow.o) (__fdlib_version)
c:/freescale/kds_v3/toolchain/bin/../lib/gcc/arm-none-eabi/4.8.4/../../../../arm-none-eabi/lib/armv7e-m/fpu\libm.a(lib_a-s_matherr.o)
                              c:/freescale/kds_v3/toolchain/bin/../lib/gcc/arm-none-eabi/4.8.4/../../../../arm-none-eabi/lib/armv7e-m/fpu\libm.a(lib_a-wf_pow.o) (matherr)
c:/freescale/kds_v3/toolchain/bin/../lib/gcc/arm-none-eabi/4.8.4/../../../../arm-none-eabi/lib/armv7e-m/fpu\libm.a(lib_a-s_rint.o)
                              c:/freescale/kds_v3/toolchain/bin/../lib/gcc/arm-none-eabi/4.8.4/../../../../arm-none-eabi/lib/armv7e-m/fpu\libm.a(lib_a-wf_pow.o) (rint)
c:/freescale/kds_v3/toolchain/bin/../lib/gcc/arm-none-eabi/4.8.4/../../../../arm-none-eabi/lib/armv7e-m/fpu\libm.a(lib_a-sf_fabs.o)
                              c:/freescale/kds_v3/toolchain/bin/../lib/gcc/arm-none-eabi/4.8.4/../../../../arm-none-eabi/lib/armv7e-m/fpu\libm.a(lib_a-ef_pow.o) (fabsf)
c:/freescale/kds_v3/toolchain/bin/../lib/gcc/arm-none-eabi/4.8.4/../../../../arm-none-eabi/lib/armv7e-m/fpu\libm.a(lib_a-sf_finite.o)
                              c:/freescale/kds_v3/toolchain/bin/../lib/gcc/arm-none-eabi/4.8.4/../../../../arm-none-eabi/lib/armv7e-m/fpu\libm.a(lib_a-wf_pow.o) (finitef)
c:/freescale/kds_v3/toolchain/bin/../lib/gcc/arm-none-eabi/4.8.4/../../../../arm-none-eabi/lib/armv7e-m/fpu\libm.a(lib_a-sf_fpclassify.o)
                              c:/freescale/kds_v3/toolchain/bin/../lib/gcc/arm-none-eabi/4.8.4/../../../../arm-none-eabi/lib/armv7e-m/fpu\libm.a(lib_a-wf_pow.o) (__fpclassifyf)
c:/freescale/kds_v3/toolchain/bin/../lib/gcc/arm-none-eabi/4.8.4/../../../../arm-none-eabi/lib/armv7e-m/fpu\libm.a(lib_a-sf_nan.o)
                              c:/freescale/kds_v3/toolchain/bin/../lib/gcc/arm-none-eabi/4.8.4/../../../../arm-none-eabi/lib/armv7e-m/fpu\libm.a(lib_a-ef_pow.o) (nanf)
c:/freescale/kds_v3/toolchain/bin/../lib/gcc/arm-none-eabi/4.8.4/../../../../arm-none-eabi/lib/armv7e-m/fpu\libm.a(lib_a-sf_scalbn.o)
                              c:/freescale/kds_v3/toolchain/bin/../lib/gcc/arm-none-eabi/4.8.4/../../../../arm-none-eabi/lib/armv7e-m/fpu\libm.a(lib_a-ef_pow.o) (scalbnf)
c:/freescale/kds_v3/toolchain/bin/../lib/gcc/arm-none-eabi/4.8.4/../../../../arm-none-eabi/lib/armv7e-m/fpu\libm.a(lib_a-sf_copysign.o)
                              c:/freescale/kds_v3/toolchain/bin/../lib/gcc/arm-none-eabi/4.8.4/../../../../arm-none-eabi/lib/armv7e-m/fpu\libm.a(lib_a-sf_scalbn.o) (copysignf)
c:/freescale/kds_v3/toolchain/bin/../lib/gcc/arm-none-eabi/4.8.4/armv7e-m/fpu\libgcc.a(_arm_addsubdf3.o)
                              ./Sources/functions.o (__aeabi_dsub)
c:/freescale/kds_v3/toolchain/bin/../lib/gcc/arm-none-eabi/4.8.4/armv7e-m/fpu\libgcc.a(_arm_muldivdf3.o)
                              ./Sources/functions.o (__aeabi_dmul)
c:/freescale/kds_v3/toolchain/bin/../lib/gcc/arm-none-eabi/4.8.4/armv7e-m/fpu\libgcc.a(_arm_cmpdf2.o)
                              c:/freescale/kds_v3/toolchain/bin/../lib/gcc/arm-none-eabi/4.8.4/../../../../arm-none-eabi/lib/armv7e-m/fpu\libm.a(lib_a-wf_pow.o) (__aeabi_dcmpeq)
c:/freescale/kds_v3/toolchain/bin/../lib/gcc/arm-none-eabi/4.8.4/armv7e-m/fpu\libgcc.a(_arm_truncdfsf2.o)
                              ./Sources/functions.o (__aeabi_d2f)
c:/freescale/kds_v3/toolchain/bin/../lib/gcc/arm-none-eabi/4.8.4/../../../../arm-none-eabi/lib/armv7e-m/fpu\libg_s.a(lib_a-errno.o)
                              c:/freescale/kds_v3/toolchain/bin/../lib/gcc/arm-none-eabi/4.8.4/../../../../arm-none-eabi/lib/armv7e-m/fpu\libm.a(lib_a-wf_pow.o) (__errno)
c:/freescale/kds_v3/toolchain/bin/../lib/gcc/arm-none-eabi/4.8.4/../../../../arm-none-eabi/lib/armv7e-m/fpu\libg_s.a(lib_a-exit.o)
[...]
Memory Configuration

Name             Origin             Length             Attributes
m_interrupts     0x00000000         0x00000198         xr
m_text           0x00000410         0x0007fbf0         xr
m_data           0x1fff0000         0x00010000         rw
m_data_20000000  0x20000000         0x00010000         rw
m_cfmprotrom     0x00000400         0x00000010         xr
*default*        0x00000000         0xffffffff

Linker script and memory map

LOAD c:/freescale/kds_v3/toolchain/bin/../lib/gcc/arm-none-eabi/4.8.4/armv7e-m/fpu/crti.o
LOAD c:/freescale/kds_v3/toolchain/bin/../lib/gcc/arm-none-eabi/4.8.4/armv7e-m/fpu/crtbegin.o
LOAD c:/freescale/kds_v3/toolchain/bin/../lib/gcc/arm-none-eabi/4.8.4/../../../../arm-none-eabi/lib/armv7e-m/fpu/crt0.o
LOAD ./Static_Code/System/CPU_Init.o
LOAD ./Static_Code/System/Peripherals_Init.o
LOAD ./Static_Code/System/Vectors.o
LOAD ./Sources/Events.o
LOAD ./Sources/functions.o
LOAD ./Sources/main.o
LOAD ./Sources/modbusMaster.o
LOAD ./Project_Settings/Startup_Code/startup.o
LOAD ./Generated_Code/ASerialLdd1.o
LOAD ./Generated_Code/AdcLdd1.o
LOAD ./Generated_Code/BitIoLdd1.o
LOAD ./Generated_Code/BitIoLdd2.o
LOAD ./Generated_Code/BitIoLdd3.o
LOAD ./Generated_Code/BitIoLdd4.o
LOAD ./Generated_Code/BitIoLdd5.o
LOAD ./Generated_Code/Cpu.o
LOAD ./Generated_Code/KSDK1.o
LOAD ./Generated_Code/LEDpin1.o
LOAD ./Generated_Code/LEDpin2.o
LOAD ./Generated_Code/LEDpin3.o
LOAD ./Generated_Code/MCUC1.o
LOAD ./Generated_Code/PE_LDD.o
LOAD ./Generated_Code/Pins1.o
LOAD ./Generated_Code/PwmLdd1.o
LOAD ./Generated_Code/RealTimeLdd1.o
LOAD ./Generated_Code/RealTimeLdd2.o
LOAD ./Generated_Code/TU1.o
LOAD ./Generated_Code/TU2.o
LOAD ./Generated_Code/TU3.o
LOAD ./Generated_Code/TU4.o
LOAD ./Generated_Code/adc.o
LOAD ./Generated_Code/blue.o
LOAD ./Generated_Code/delay.o
LOAD ./Generated_Code/enableModbus.o
LOAD ./Generated_Code/green.o
LOAD ./Generated_Code/indicationModbus.o
LOAD ./Generated_Code/modbusSerial.o
LOAD ./Generated_Code/pooling_delay.o
LOAD ./Generated_Code/push_button.o
LOAD ./Generated_Code/pwm.o
LOAD ./Generated_Code/red.o
LOAD ./Generated_Code/sleepModbus.o
LOAD ./Generated_Code/timeout_delay.o
LOAD c:/freescale/kds_v3/toolchain/bin/../lib/gcc/arm-none-eabi/4.8.4/../../../../arm-none-eabi/lib/armv7e-m/fpu\libstdc++_s.a
LOAD c:/freescale/kds_v3/toolchain/bin/../lib/gcc/arm-none-eabi/4.8.4/../../../../arm-none-eabi/lib/armv7e-m/fpu\libm.a
START GROUP
LOAD c:/freescale/kds_v3/toolchain/bin/../lib/gcc/arm-none-eabi/4.8.4/armv7e-m/fpu\libgcc.a
LOAD c:/freescale/kds_v3/toolchain/bin/../lib/gcc/arm-none-eabi/4.8.4/../../../../arm-none-eabi/lib/armv7e-m/fpu\libg_s.a
LOAD c:/freescale/kds_v3/toolchain/bin/../lib/gcc/arm-none-eabi/4.8.4/../../../../arm-none-eabi/lib/armv7e-m/fpu\libc_s.a
END GROUP
START GROUP
LOAD c:/freescale/kds_v3/toolchain/bin/../lib/gcc/arm-none-eabi/4.8.4/armv7e-m/fpu\libgcc.a
LOAD c:/freescale/kds_v3/toolchain/bin/../lib/gcc/arm-none-eabi/4.8.4/../../../../arm-none-eabi/lib/armv7e-m/fpu\libc_s.a
LOAD c:/freescale/kds_v3/toolchain/bin/../lib/gcc/arm-none-eabi/4.8.4/../../../../arm-none-eabi/lib/armv7e-m/fpu\libnosys.a
END GROUP
START GROUP
LOAD c:/freescale/kds_v3/toolchain/bin/../lib/gcc/arm-none-eabi/4.8.4/armv7e-m/fpu\libgcc.a
LOAD c:/freescale/kds_v3/toolchain/bin/../lib/gcc/arm-none-eabi/4.8.4/../../../../arm-none-eabi/lib/armv7e-m/fpu\libc_s.a
LOAD c:/freescale/kds_v3/toolchain/bin/../lib/gcc/arm-none-eabi/4.8.4/../../../../arm-none-eabi/lib/armv7e-m/fpu\libnosys.a
END GROUP
LOAD c:/freescale/kds_v3/toolchain/bin/../lib/gcc/arm-none-eabi/4.8.4/armv7e-m/fpu/crtend.o
LOAD c:/freescale/kds_v3/toolchain/bin/../lib/gcc/arm-none-eabi/4.8.4/armv7e-m/fpu/crtn.o
                0x20000000                _estack = 0x20000000
                0x20000000                __SP_INIT = _estack
                0x20000000                __stack = _estack
                0x00000000                __heap_size = 0x0
                0x00000400                __stack_size = 0x400

.interrupts     0x00000000      0x198
                0x00000000                __vector_table = .
                0x00000000                . = ALIGN (0x4)
 *(.vectortable)
 .vectortable   0x00000000      0x198 ./Static_Code/System/Vectors.o
                0x00000000                __vect_table
                0x00000198                . = ALIGN (0x4)

.cfmprotect     0x00000400       0x10
                0x00000400                . = ALIGN (0x4)
 *(.cfmconfig)
 .cfmconfig     0x00000400       0x10 ./Static_Code/System/CPU_Init.o
                0x00000400                _cfm
                0x00000410                . = ALIGN (0x4)

.text           0x00000410     0x34dc
                0x00000410                . = ALIGN (0x4)
 *(.text)
 .text          0x00000410       0x54 c:/freescale/kds_v3/toolchain/bin/../lib/gcc/arm-none-eabi/4.8.4/armv7e-m/fpu/crtbegin.o
 .text          0x00000464       0x74 c:/freescale/kds_v3/toolchain/bin/../lib/gcc/arm-none-eabi/4.8.4/../../../../arm-none-eabi/lib/armv7e-m/fpu/crt0.o
                0x00000464                _start
                0x00000464                _mainCRTStartup
 *(.text*)
 .text.CPU_SetBASEPRI
                0x000004d8       0x18 ./Static_Code/System/CPU_Init.o
                0x000004d8                CPU_SetBASEPRI
 .text.__init_hardware
                0x000004f0       0xb8 ./Static_Code/System/CPU_Init.o
                0x000004f0                __init_hardware
 .text.PE_low_level_init
                0x000005a8       0x44 ./Static_Code/System/CPU_Init.o
                0x000005a8                PE_low_level_init
 .text.CPU_GetClockGenMode
                0x000005ec       0x90 ./Static_Code/System/CPU_Init.o
                0x000005ec                CPU_GetClockGenMode
 .text.CPU_SetClockConfigGenMode
                0x0000067c      0x54c ./Static_Code/System/CPU_Init.o
                0x0000067c                CPU_SetClockConfigGenMode
 .text.UnhandledInterrupt
                0x00000bc8       0x18 ./Static_Code/System/Vectors.o
                0x00000bc8                UnhandledInterrupt
 .text.modbusSerial_OnError
                0x00000be0        0xc ./Sources/Events.o
                0x00000be0                modbusSerial_OnError
 .text.modbusSerial_OnRxChar
                0x00000bec        0xc ./Sources/Events.o
                0x00000bec                modbusSerial_OnRxChar
 .text.modbusSerial_OnTxChar
                0x00000bf8        0xc ./Sources/Events.o
                0x00000bf8                modbusSerial_OnTxChar
 .text.modbusSerial_OnFullRxBuf
                0x00000c04        0xc ./Sources/Events.o
                0x00000c04                modbusSerial_OnFullRxBuf
 .text.modbusSerial_OnFreeTxBuf
                0x00000c10        0xc ./Sources/Events.o
                0x00000c10                modbusSerial_OnFreeTxBuf
 .text.Cpu_OnNMI
                0x00000c1c        0xc ./Sources/Events.o
                0x00000c1c                Cpu_OnNMI
 .text.TU1_OnCounterRestart
                0x00000c28       0x68 ./Sources/Events.o
                0x00000c28                TU1_OnCounterRestart
 .text.adc_OnEnd
                0x00000c90       0x1c ./Sources/Events.o
                0x00000c90                adc_OnEnd
 .text.adc_OnCalibrationEnd
                0x00000cac        0xc ./Sources/Events.o
                0x00000cac                adc_OnCalibrationEnd
 .text.pwm_OnEnd
                0x00000cb8       0x20 ./Sources/Events.o
                0x00000cb8                pwm_OnEnd
 .text.push_button_OnPortEvent
                0x00000cd8       0x24 ./Sources/Events.o
                0x00000cd8                push_button_OnPortEvent
 .text.time_stamp
                0x00000cfc       0xe8 ./Sources/functions.o
                0x00000cfc                time_stamp
 .text.main     0x00000de4       0x64 ./Sources/main.o
                0x00000de4                main
 .text.modbus_configure
                0x00000e48       0x9c ./Sources/modbusMaster.o
                0x00000e48                modbus_configure
 .text.sendPacket
                0x00000ee4      0x110 ./Sources/modbusMaster.o
                0x00000ee4                sendPacket
 .text.transmitData
                0x00000ff4      0x1b8 ./Sources/modbusMaster.o
                0x00000ff4                transmitData
 .text.calculateCRC
                0x000011ac       0x8c ./Sources/modbusMaster.o
                0x000011ac                calculateCRC
 .text.calculateCRC_received
                0x00001238       0x8c ./Sources/modbusMaster.o
                0x00001238                calculateCRC_received
 .text.getData  0x000012c4      0x1c0 ./Sources/modbusMaster.o
                0x000012c4                getData
 .text.verifyData
                0x00001484      0x21c ./Sources/modbusMaster.o
                0x00001484                verifyData
 .text.__copy_rom_section
                0x000016a0       0xe4 ./Project_Settings/Startup_Code/startup.o
                0x000016a0                __copy_rom_section
 .text.__copy_rom_sections_to_ram
                0x00001784       0x9c ./Project_Settings/Startup_Code/startup.o
                0x00001784                __copy_rom_sections_to_ram
 .text.__init_registers
                0x00001820       0x20 ./Project_Settings/Startup_Code/startup.o
                0x00001820                __init_registers
 .text.__init_user
                0x00001840        0xc ./Project_Settings/Startup_Code/startup.o
                0x00001840                __init_user
 .text.__thumb_startup
                0x0000184c       0x34 ./Project_Settings/Startup_Code/startup.o
                0x0000184c                __thumb_startup
 .text.ASerialLdd1_Init
                0x00001880      0x1e4 ./Generated_Code/ASerialLdd1.o
                0x00001880                ASerialLdd1_Init
 .text.ASerialLdd1_ReceiveBlock
                0x00001a64       0x90 ./Generated_Code/ASerialLdd1.o
                0x00001a64                ASerialLdd1_ReceiveBlock
 .text.ASerialLdd1_SendBlock
                0x00001af4       0xbc ./Generated_Code/ASerialLdd1.o
                0x00001af4                ASerialLdd1_SendBlock
 .text.InterruptRx
                0x00001bb0       0x58 ./Generated_Code/ASerialLdd1.o
 .text.InterruptTx
                0x00001c08       0x80 ./Generated_Code/ASerialLdd1.o
 .text.ASerialLdd1_Interrupt
                0x00001c88       0xf4 ./Generated_Code/ASerialLdd1.o
                0x00001c88                ASerialLdd1_Interrupt
 .text.ASerialLdd1_GetError
                0x00001d7c       0x70 ./Generated_Code/ASerialLdd1.o
                0x00001d7c                ASerialLdd1_GetError
 .text.AdcLdd1_Init
                0x00001dec       0xc0 ./Generated_Code/AdcLdd1.o
                0x00001dec                AdcLdd1_Init
 .text.AdcLdd1_StartSingleMeasurement
                0x00001eac       0x4c ./Generated_Code/AdcLdd1.o
                0x00001eac                AdcLdd1_StartSingleMeasurement
 .text.AdcLdd1_CreateSampleGroup
                0x00001ef8       0x6c ./Generated_Code/AdcLdd1.o
                0x00001ef8                AdcLdd1_CreateSampleGroup
 .text.AdcLdd1_GetMeasuredValues
                0x00001f64       0x4c ./Generated_Code/AdcLdd1.o
                0x00001f64                AdcLdd1_GetMeasuredValues
 .text.AdcLdd1_GetCalibrationResultStatus
                0x00001fb0       0xbc ./Generated_Code/AdcLdd1.o
                0x00001fb0                AdcLdd1_GetCalibrationResultStatus
 .text.AdcLdd1_MeasurementCompleteInterrupt
                0x0000206c       0x3c ./Generated_Code/AdcLdd1.o
                0x0000206c                AdcLdd1_MeasurementCompleteInterrupt
 .text.BitIoLdd1_Init
                0x000020a8       0x80 ./Generated_Code/BitIoLdd1.o
                0x000020a8                BitIoLdd1_Init
 .text.BitIoLdd1_SetVal
                0x00002128       0x1c ./Generated_Code/BitIoLdd1.o
                0x00002128                BitIoLdd1_SetVal
 .text.BitIoLdd2_Init
                0x00002144       0x80 ./Generated_Code/BitIoLdd2.o
                0x00002144                BitIoLdd2_Init
 .text.BitIoLdd2_SetVal
                0x000021c4       0x1c ./Generated_Code/BitIoLdd2.o
                0x000021c4                BitIoLdd2_SetVal
 .text.BitIoLdd3_Init
                0x000021e0       0x80 ./Generated_Code/BitIoLdd3.o
                0x000021e0                BitIoLdd3_Init
 .text.BitIoLdd3_SetVal
                0x00002260       0x1c ./Generated_Code/BitIoLdd3.o
                0x00002260                BitIoLdd3_SetVal
 .text.BitIoLdd4_Init
                0x0000227c       0x80 ./Generated_Code/BitIoLdd4.o
                0x0000227c                BitIoLdd4_Init
 .text.BitIoLdd4_PutVal
                0x000022fc       0x30 ./Generated_Code/BitIoLdd4.o
                0x000022fc                BitIoLdd4_PutVal
 .text.BitIoLdd5_Init
                0x0000232c       0x80 ./Generated_Code/BitIoLdd5.o
                0x0000232c                BitIoLdd5_Init
 .text.BitIoLdd5_PutVal
                0x000023ac       0x30 ./Generated_Code/BitIoLdd5.o
                0x000023ac                BitIoLdd5_PutVal
 .text.Components_Init
                0x000023dc       0x74 ./Generated_Code/Cpu.o
                0x000023dc                Components_Init
 .text.Cpu_INT_NMIInterrupt
                0x00002450       0x1c ./Generated_Code/Cpu.o
                0x00002450                Cpu_INT_NMIInterrupt
 .text.PwmLdd1_Init
                0x0000246c       0x54 ./Generated_Code/PwmLdd1.o
                0x0000246c                PwmLdd1_Init
 .text.PwmLdd1_SetRatio16
                0x000024c0       0x28 ./Generated_Code/PwmLdd1.o
                0x000024c0                PwmLdd1_SetRatio16
 .text.TU2_OnCounterRestart
                0x000024e8       0x24 ./Generated_Code/PwmLdd1.o
                0x000024e8                TU2_OnCounterRestart
 .text.SetRatio
                0x0000250c       0x54 ./Generated_Code/PwmLdd1.o
 .text.RealTimeLdd1_Init
                0x00002560       0x5c ./Generated_Code/RealTimeLdd1.o
                0x00002560                RealTimeLdd1_Init
 .text.RealTimeLdd1_Reset
                0x000025bc       0x74 ./Generated_Code/RealTimeLdd1.o
                0x000025bc                RealTimeLdd1_Reset
 .text.RealTimeLdd1_GetTimeMS
                0x00002630       0xc0 ./Generated_Code/RealTimeLdd1.o
                0x00002630                RealTimeLdd1_GetTimeMS
 .text.TU3_OnCounterRestart
                0x000026f0       0x34 ./Generated_Code/RealTimeLdd1.o
                0x000026f0                TU3_OnCounterRestart
 .text.RealTimeLdd2_Init
                0x00002724       0x5c ./Generated_Code/RealTimeLdd2.o
                0x00002724                RealTimeLdd2_Init
 .text.TU4_OnCounterRestart
                0x00002780       0x34 ./Generated_Code/RealTimeLdd2.o
                0x00002780                TU4_OnCounterRestart
 .text.TU1_Init
                0x000027b4       0xb0 ./Generated_Code/TU1.o
                0x000027b4                TU1_Init
 .text.TU1_Interrupt
                0x00002864       0x6c ./Generated_Code/TU1.o
                0x00002864                TU1_Interrupt
 .text.TU2_Init
                0x000028d0      0x128 ./Generated_Code/TU2.o
                0x000028d0                TU2_Init
 .text.TU2_GetPeriodTicks
                0x000029f8       0x30 ./Generated_Code/TU2.o
                0x000029f8                TU2_GetPeriodTicks
 .text.TU2_SetOffsetTicks
                0x00002a28       0x44 ./Generated_Code/TU2.o
                0x00002a28                TU2_SetOffsetTicks
 .text.TU2_Interrupt
                0x00002a6c       0x6c ./Generated_Code/TU2.o
                0x00002a6c                TU2_Interrupt
 .text.TU3_Init
                0x00002ad8       0xd4 ./Generated_Code/TU3.o
                0x00002ad8                TU3_Init
 .text.TU3_ResetCounter
                0x00002bac       0x20 ./Generated_Code/TU3.o
                0x00002bac                TU3_ResetCounter
 .text.TU3_Interrupt
                0x00002bcc       0x6c ./Generated_Code/TU3.o
                0x00002bcc                TU3_Interrupt
 .text.TU4_Init
                0x00002c38       0xf8 ./Generated_Code/TU4.o
                0x00002c38                TU4_Init
 .text.TU4_Interrupt
                0x00002d30       0x6c ./Generated_Code/TU4.o
                0x00002d30                TU4_Interrupt
 .text.adc_GetValue16
                0x00002d9c       0x54 ./Generated_Code/adc.o
                0x00002d9c                adc_GetValue16
 .text.AdcLdd1_OnMeasurementComplete
                0x00002df0       0xb0 ./Generated_Code/adc.o
                0x00002df0                AdcLdd1_OnMeasurementComplete
 .text.adc_Init
                0x00002ea0       0x2c ./Generated_Code/adc.o
                0x00002ea0                adc_Init
 .text.blue_Init
                0x00002ecc       0x14 ./Generated_Code/blue.o
                0x00002ecc                blue_Init
 .text.delay_Wait10Cycles
                0x00002ee0        0x8 ./Generated_Code/delay.o
                0x00002ee0                delay_Wait10Cycles
 .text.delay_Wait100Cycles
                0x00002ee8       0x28 ./Generated_Code/delay.o
                0x00002ee8                delay_Wait100Cycles
 .text.delay_WaitCycles
                0x00002f10       0x34 ./Generated_Code/delay.o
                0x00002f10                delay_WaitCycles
 .text.delay_WaitLongCycles
                0x00002f44       0x38 ./Generated_Code/delay.o
                0x00002f44                delay_WaitLongCycles
 .text.delay_Waitms
                0x00002f7c       0x2c ./Generated_Code/delay.o
                0x00002f7c                delay_Waitms
 .text.green_Init
                0x00002fa8       0x14 ./Generated_Code/green.o
                0x00002fa8                green_Init
 .text.HWEnDi   0x00002fbc       0x1c ./Generated_Code/modbusSerial.o
 .text.modbusSerial_RecvChar
                0x00002fd8       0xd8 ./Generated_Code/modbusSerial.o
                0x00002fd8                modbusSerial_RecvChar
 .text.modbusSerial_SendChar
                0x000030b0       0xdc ./Generated_Code/modbusSerial.o
                0x000030b0                modbusSerial_SendChar
 .text.modbusSerial_ClearRxBuf
                0x0000318c       0x78 ./Generated_Code/modbusSerial.o
                0x0000318c                modbusSerial_ClearRxBuf
 .text.modbusSerial_ClearTxBuf
                0x00003204       0x78 ./Generated_Code/modbusSerial.o
                0x00003204                modbusSerial_ClearTxBuf
 .text.modbusSerial_GetCharsInRxBuf
                0x0000327c       0x18 ./Generated_Code/modbusSerial.o
                0x0000327c                modbusSerial_GetCharsInRxBuf
 .text.modbusSerial_Init
                0x00003294       0x60 ./Generated_Code/modbusSerial.o
                0x00003294                modbusSerial_Init
 .text.ASerialLdd1_OnBlockReceived
                0x000032f4       0xc4 ./Generated_Code/modbusSerial.o
                0x000032f4                ASerialLdd1_OnBlockReceived
 .text.ASerialLdd1_OnBlockSent
                0x000033b8       0xd4 ./Generated_Code/modbusSerial.o
                0x000033b8                ASerialLdd1_OnBlockSent
 .text.ASerialLdd1_OnError
                0x0000348c       0x9c ./Generated_Code/modbusSerial.o
                0x0000348c                ASerialLdd1_OnError
 .text.ASerialLdd1_OnBreak
                0x00003528       0x24 ./Generated_Code/modbusSerial.o
                0x00003528                ASerialLdd1_OnBreak
 .text.push_button_Init
                0x0000354c       0xb4 ./Generated_Code/push_button.o
                0x0000354c                push_button_Init
 .text.push_button_Interrupt
                0x00003600       0x54 ./Generated_Code/push_button.o
                0x00003600                push_button_Interrupt
 .text.PwmLdd1_OnEnd
                0x00003654       0x14 ./Generated_Code/pwm.o
                0x00003654                PwmLdd1_OnEnd
 .text.red_Init
                0x00003668       0x14 ./Generated_Code/red.o
                0x00003668                red_Init
 .text.sleepModbus_Wait10Cycles
                0x0000367c        0x8 ./Generated_Code/sleepModbus.o
                0x0000367c                sleepModbus_Wait10Cycles
 .text.sleepModbus_Wait100Cycles
                0x00003684       0x28 ./Generated_Code/sleepModbus.o
                0x00003684                sleepModbus_Wait100Cycles
 .text.sleepModbus_WaitCycles
                0x000036ac       0x34 ./Generated_Code/sleepModbus.o
                0x000036ac                sleepModbus_WaitCycles
 .text.sleepModbus_WaitLongCycles
                0x000036e0       0x38 ./Generated_Code/sleepModbus.o
                0x000036e0                sleepModbus_WaitLongCycles
 .text.sleepModbus_Waitms
                0x00003718       0x2c ./Generated_Code/sleepModbus.o
                0x00003718                sleepModbus_Waitms
 .text.exit     0x00003744       0x28 c:/freescale/kds_v3/toolchain/bin/../lib/gcc/arm-none-eabi/4.8.4/../../../../arm-none-eabi/lib/armv7e-m/fpu\libg_s.a(lib_a-exit.o)
                0x00003744                exit
 .text.__libc_init_array
                0x0000376c       0x4c c:/freescale/kds_v3/toolchain/bin/../lib/gcc/arm-none-eabi/4.8.4/../../../../arm-none-eabi/lib/armv7e-m/fpu\libg_s.a(lib_a-init.o)
                0x0000376c                __libc_init_array
 .text.memset   0x000037b8       0x10 c:/freescale/kds_v3/toolchain/bin/../lib/gcc/arm-none-eabi/4.8.4/../../../../arm-none-eabi/lib/armv7e-m/fpu\libg_s.a(lib_a-memset.o)
                0x000037b8                memset
 .text._exit    0x000037c8        0x4 c:/freescale/kds_v3/toolchain/bin/../lib/gcc/arm-none-eabi/4.8.4/../../../../arm-none-eabi/lib/armv7e-m/fpu\libnosys.a(_exit.o)
                0x000037c8                _exit
 *(.rodata)
 *(.rodata*)
 .rodata.ClockGenModeMatrix
                0x000037cc       0x80 ./Static_Code/System/CPU_Init.o
 .rodata.CPU_ClockConfigDescriptors
                0x0000384c       0x1c ./Static_Code/System/CPU_Init.o
 .rodata.CPU_DefaultFEI
                0x00003868        0x8 ./Static_Code/System/CPU_Init.o
 .rodata.CPU_DefaultFBI
                0x00003870        0x8 ./Static_Code/System/CPU_Init.o
 .rodata.CPU_DefaultBLPI
                0x00003878        0x8 ./Static_Code/System/CPU_Init.o
 .rodata.CPU_DefaultFEE
                0x00003880        0x8 ./Static_Code/System/CPU_Init.o
 .rodata.CPU_DefaultFBE
                0x00003888        0x8 ./Static_Code/System/CPU_Init.o
 .rodata.CPU_DefaultBLPE
                0x00003890        0x8 ./Static_Code/System/CPU_Init.o
 .rodata.CPU_DefaultPBE
                0x00003898        0x8 ./Static_Code/System/CPU_Init.o
 .rodata.CPU_DefaultPEE
                0x000038a0        0x8 ./Static_Code/System/CPU_Init.o
 .rodata.CPU_ClockGenModeRegs
                0x000038a8       0x20 ./Static_Code/System/CPU_Init.o
 .rodata.ChannelToPin
                0x000038c8        0x4 ./Generated_Code/AdcLdd1.o
 .rodata.str1.1
                0x000038cc        0x2 c:/freescale/kds_v3/toolchain/bin/../lib/gcc/arm-none-eabi/4.8.4/../../../../arm-none-eabi/lib/armv7e-m/fpu\libg_s.a(lib_a-impure.o)
 *fill*         0x000038ce        0x2 
 .rodata._global_impure_ptr
                0x000038d0        0x4 c:/freescale/kds_v3/toolchain/bin/../lib/gcc/arm-none-eabi/4.8.4/../../../../arm-none-eabi/lib/armv7e-m/fpu\libg_s.a(lib_a-impure.o)
                0x000038d0                _global_impure_ptr
 *(.glue_7)
 .glue_7        0x00000000        0x0 linker stubs
 *(.glue_7t)
 .glue_7t       0x00000000        0x0 linker stubs
 *(.eh_frame)
 .eh_frame      0x000038d4        0x0 c:/freescale/kds_v3/toolchain/bin/../lib/gcc/arm-none-eabi/4.8.4/armv7e-m/fpu/crtbegin.o
 *(.init)
 .init          0x000038d4        0x4 c:/freescale/kds_v3/toolchain/bin/../lib/gcc/arm-none-eabi/4.8.4/armv7e-m/fpu/crti.o
                0x000038d4                _init
 .init          0x000038d8        0x8 c:/freescale/kds_v3/toolchain/bin/../lib/gcc/arm-none-eabi/4.8.4/armv7e-m/fpu/crtn.o
 *(.fini)
 .fini          0x000038e0        0x4 c:/freescale/kds_v3/toolchain/bin/../lib/gcc/arm-none-eabi/4.8.4/armv7e-m/fpu/crti.o
                0x000038e0                _fini
 .fini          0x000038e4        0x8 c:/freescale/kds_v3/toolchain/bin/../lib/gcc/arm-none-eabi/4.8.4/armv7e-m/fpu/crtn.o
                0x000038ec                . = ALIGN (0x4)
                0x000038ec                _etext = .

.vfp11_veneer   0x000038ec        0x0
 .vfp11_veneer  0x00000000        0x0 linker stubs

.v4_bx          0x000038ec        0x0
 .v4_bx         0x00000000        0x0 linker stubs

.iplt           0x000038ec        0x0
 .iplt          0x00000000        0x0 c:/freescale/kds_v3/toolchain/bin/../lib/gcc/arm-none-eabi/4.8.4/armv7e-m/fpu/crtbegin.o

.ARM.extab
 *(.ARM.extab* .gnu.linkonce.armextab.*)

.ARM            0x000038ec        0x8
                0x000038ec                __exidx_start = .
 *(.ARM.exidx*)
 .ARM.exidx     0x000038ec        0x8 c:/freescale/kds_v3/toolchain/bin/../lib/gcc/arm-none-eabi/4.8.4/../../../../arm-none-eabi/lib/armv7e-m/fpu/crt0.o
                0x000038f4                __exidx_end = .

.rel.dyn        0x000038f4        0x0
 .rel.iplt      0x00000000        0x0 c:/freescale/kds_v3/toolchain/bin/../lib/gcc/arm-none-eabi/4.8.4/armv7e-m/fpu/crtbegin.o

.ctors          0x000038f4        0x0
                0x000038f4                __CTOR_LIST__ = .
 *crtbegin.o(.ctors)
 *(EXCLUDE_FILE(*crtend.o) .ctors)
 *(SORT(.ctors.*))
 *(.ctors)
                0x000038f4                __CTOR_END__ = .

.dtors          0x000038f4        0x0
                0x000038f4                __DTOR_LIST__ = .
 *crtbegin.o(.dtors)
 *(EXCLUDE_FILE(*crtend.o) .dtors)
 *(SORT(.dtors.*))
 *(.dtors)
                0x000038f4                __DTOR_END__ = .

.preinit_array  0x000038f4        0x0
                0x000038f4                PROVIDE (__preinit_array_start, .)
 *(.preinit_array*)
                0x000038f4                PROVIDE (__preinit_array_end, .)

.init_array     0x000038f4        0x4
                0x000038f4                PROVIDE (__init_array_start, .)
 *(SORT(.init_array.*))
 *(.init_array*)
 .init_array    0x000038f4        0x4 c:/freescale/kds_v3/toolchain/bin/../lib/gcc/arm-none-eabi/4.8.4/armv7e-m/fpu/crtbegin.o
                0x000038f8                PROVIDE (__init_array_end, .)

.fini_array     0x000038f8        0x4
                0x000038f8                PROVIDE (__fini_array_start, .)
 *(SORT(.fini_array.*))
 *(.fini_array*)
 .fini_array    0x000038f8        0x4 c:/freescale/kds_v3/toolchain/bin/../lib/gcc/arm-none-eabi/4.8.4/armv7e-m/fpu/crtbegin.o
                0x000038fc                PROVIDE (__fini_array_end, .)
                0x000038fc                ___ROM_AT = .

.data           0x1fff0000       0x7c load address 0x000038fc
                0x1fff0000                . = ALIGN (0x4)
                0x1fff0000                _sdata = .
 *(.data)
 *(.data*)
 .data.value1   0x1fff0000        0x4 ./Sources/main.o
                0x1fff0000                value1
 .data.value2   0x1fff0004        0x4 ./Sources/main.o
                0x1fff0004                value2
 .data.value3   0x1fff0008        0x4 ./Sources/main.o
                0x1fff0008                value3
 .data.ID       0x1fff000c        0x1 ./Sources/main.o
                0x1fff000c                ID
 .data.FC       0x1fff000d        0x1 ./Sources/main.o
                0x1fff000d                FC
 *fill*         0x1fff000e        0x2 
 .data.REG_NUM  0x1fff0010        0x4 ./Sources/main.o
                0x1fff0010                REG_NUM
 .data.timeout  0x1fff0014        0x4 ./Sources/modbusMaster.o
                0x1fff0014                timeout
 .data.baud     0x1fff0018        0x4 ./Sources/modbusMaster.o
                0x1fff0018                baud
 .data.impure_data
                0x1fff001c       0x60 c:/freescale/kds_v3/toolchain/bin/../lib/gcc/arm-none-eabi/4.8.4/../../../../arm-none-eabi/lib/armv7e-m/fpu\libg_s.a(lib_a-impure.o)
                0x1fff007c                . = ALIGN (0x4)
                0x1fff007c                _edata = .
                0x0000007c                ___data_size = (_edata - _sdata)
                0x00003978                ___m_data_20000000_ROMStart = (___ROM_AT + SIZEOF (.data))

.jcr            0x1fff007c        0x0 load address 0x00003978
 .jcr           0x1fff007c        0x0 c:/freescale/kds_v3/toolchain/bin/../lib/gcc/arm-none-eabi/4.8.4/armv7e-m/fpu/crtbegin.o

.igot.plt       0x1fff007c        0x0 load address 0x00003978
 .igot.plt      0x00000000        0x0 c:/freescale/kds_v3/toolchain/bin/../lib/gcc/arm-none-eabi/4.8.4/armv7e-m/fpu/crtbegin.o

.m_data_20000000
                0x20000000        0x0 load address 0x00003978
                0x20000000                . = ALIGN (0x4)
                0x20000000                ___m_data_20000000_RAMStart = .
 *(.m_data_20000000)
                0x20000000                ___m_data_20000000_RAMEnd = .
                0x20000000                . = ALIGN (0x4)
                0x00000000                ___m_data_20000000_ROMSize = (___m_data_20000000_RAMEnd - ___m_data_20000000_RAMStart)
                0x20000000                . = ALIGN (0x4)

.bss            0x1fff007c      0x420 load address 0x00003978
                0x1fff007c                __START_BSS = .
                0x1fff007c                PROVIDE (__bss_start__, __START_BSS)
 *(.bss)
 .bss           0x1fff007c       0x1c c:/freescale/kds_v3/toolchain/bin/../lib/gcc/arm-none-eabi/4.8.4/armv7e-m/fpu/crtbegin.o
 *(.bss*)
 .bss.SR_lock   0x1fff0098        0x1 ./Static_Code/System/CPU_Init.o
                0x1fff0098                SR_lock
 *fill*         0x1fff0099        0x3 
 .bss.AD        0x1fff009c        0x4 ./Sources/main.o
                0x1fff009c                AD
 .bss.pack      0x1fff00a0       0x4c ./Sources/modbusMaster.o
 .bss.DeviceDataPrv__DEFAULT_RTOS_ALLOC
                0x1fff00ec       0x20 ./Generated_Code/ASerialLdd1.o
 .bss.INT_UART1_RX_TX__DEFAULT_RTOS_ISRPARAM
                0x1fff010c        0x4 ./Generated_Code/ASerialLdd1.o
 .bss.INT_UART1_ERR__DEFAULT_RTOS_ISRPARAM
                0x1fff0110        0x4 ./Generated_Code/ASerialLdd1.o
 .bss.DeviceDataPrv__DEFAULT_RTOS_ALLOC
                0x1fff0114        0x8 ./Generated_Code/AdcLdd1.o
 .bss.INT_ADC1__DEFAULT_RTOS_ISRPARAM
                0x1fff011c        0x4 ./Generated_Code/AdcLdd1.o
 .bss.DeviceDataPrv__DEFAULT_RTOS_ALLOC
                0x1fff0120        0x4 ./Generated_Code/BitIoLdd1.o
 .bss.DeviceDataPrv__DEFAULT_RTOS_ALLOC
                0x1fff0124        0x4 ./Generated_Code/BitIoLdd2.o
 .bss.DeviceDataPrv__DEFAULT_RTOS_ALLOC
                0x1fff0128        0x4 ./Generated_Code/BitIoLdd3.o
 .bss.DeviceDataPrv__DEFAULT_RTOS_ALLOC
                0x1fff012c        0x4 ./Generated_Code/BitIoLdd4.o
 .bss.DeviceDataPrv__DEFAULT_RTOS_ALLOC
                0x1fff0130        0x4 ./Generated_Code/BitIoLdd5.o
 .bss.PE_LDD_DeviceDataList
                0x1fff0134       0x3c ./Generated_Code/PE_LDD.o
                0x1fff0134                PE_LDD_DeviceDataList
 .bss.DeviceDataPrv__DEFAULT_RTOS_ALLOC
                0x1fff0170        0xc ./Generated_Code/PwmLdd1.o
 .bss.DeviceDataPrv__DEFAULT_RTOS_ALLOC
                0x1fff017c       0x14 ./Generated_Code/RealTimeLdd1.o
 .bss.DeviceDataPrv__DEFAULT_RTOS_ALLOC
                0x1fff0190       0x14 ./Generated_Code/RealTimeLdd2.o
 .bss.DeviceDataPrv__DEFAULT_RTOS_ALLOC
                0x1fff01a4        0x8 ./Generated_Code/TU1.o
 .bss.INT_FTM0__DEFAULT_RTOS_ISRPARAM
                0x1fff01ac        0x4 ./Generated_Code/TU1.o
 .bss.DeviceDataPrv__DEFAULT_RTOS_ALLOC
                0x1fff01b0        0xc ./Generated_Code/TU2.o
 .bss.INT_FTM2__DEFAULT_RTOS_ISRPARAM
                0x1fff01bc        0x4 ./Generated_Code/TU2.o
 .bss.DeviceDataPrv__DEFAULT_RTOS_ALLOC
                0x1fff01c0        0xc ./Generated_Code/TU3.o
 .bss.INT_FTM1__DEFAULT_RTOS_ISRPARAM
                0x1fff01cc        0x4 ./Generated_Code/TU3.o
 .bss.DeviceDataPrv__DEFAULT_RTOS_ALLOC
                0x1fff01d0        0xc ./Generated_Code/TU4.o
 .bss.INT_FTM3__DEFAULT_RTOS_ISRPARAM
                0x1fff01dc        0x4 ./Generated_Code/TU4.o
 .bss.SumChan   0x1fff01e0        0x1 ./Generated_Code/adc.o
 .bss.ModeFlg   0x1fff01e1        0x1 ./Generated_Code/adc.o
 *fill*         0x1fff01e2        0x2 
 .bss.SampleGroup
                0x1fff01e4        0x4 ./Generated_Code/adc.o
 .bss.OutFlg    0x1fff01e8        0x1 ./Generated_Code/adc.o
 *fill*         0x1fff01e9        0x1 
 .bss.SerFlag   0x1fff01ea        0x2 ./Generated_Code/modbusSerial.o
 .bss.modbusSerial_InpLen
                0x1fff01ec        0x2 ./Generated_Code/modbusSerial.o
 .bss.InpIndexR
                0x1fff01ee        0x2 ./Generated_Code/modbusSerial.o
 .bss.InpIndexW
                0x1fff01f0        0x2 ./Generated_Code/modbusSerial.o
 *fill*         0x1fff01f2        0x2 
 .bss.InpBuffer
                0x1fff01f4       0x80 ./Generated_Code/modbusSerial.o
 .bss.BufferRead
                0x1fff0274        0x1 ./Generated_Code/modbusSerial.o
 *fill*         0x1fff0275        0x1 
 .bss.modbusSerial_OutLen
                0x1fff0276        0x2 ./Generated_Code/modbusSerial.o
 .bss.OutIndexR
                0x1fff0278        0x2 ./Generated_Code/modbusSerial.o
 .bss.OutIndexW
                0x1fff027a        0x2 ./Generated_Code/modbusSerial.o
 .bss.OutBuffer
                0x1fff027c       0x80 ./Generated_Code/modbusSerial.o
 .bss.OnFreeTxBufSemaphore
                0x1fff02fc        0x1 ./Generated_Code/modbusSerial.o
 *fill*         0x1fff02fd        0x3 
 .bss.DeviceDataPrv__DEFAULT_RTOS_ALLOC
                0x1fff0300        0x8 ./Generated_Code/push_button.o
 .bss.INT_PORTB__DEFAULT_RTOS_ISRPARAM
                0x1fff0308        0x4 ./Generated_Code/push_button.o
 *(COMMON)
 COMMON         0x1fff030c        0x1 ./Static_Code/System/CPU_Init.o
                0x1fff030c                SR_reg
 *fill*         0x1fff030d        0x3 
 COMMON         0x1fff0310       0x4e ./Sources/functions.o
                0x1fff0310                count_1s
                0x1fff0314                adc_finished
                0x1fff0318                count_100ms
                0x1fff031c                ds_int
                0x1fff0320                flag_500ms
                0x1fff0324                flag_1s
                0x1fff0328                flag_100ms
                0x1fff032c                count_10ms
                0x1fff0330                v_temp_sensor
                0x1fff0334                count_200ms
                0x1fff0338                count_500ms
                0x1fff033c                count_1ms
                0x1fff0340                lumi
                0x1fff0344                push_button_count
                0x1fff0348                flag_1ms
                0x1fff034c                flag_10ms
                0x1fff0350                flag_200ms
                0x1fff0354                status
                0x1fff0358                value
 *fill*         0x1fff035e        0x2 
 COMMON         0x1fff0360      0x12c ./Sources/modbusMaster.o
                0x1fff0360                frame_receive
                0x1fff03e0                transmission_ready_Flag
                0x1fff03e4                T3_5
                0x1fff03e8                previousTimeout
                0x1fff03ec                messageOkFlag
                0x1fff03f0                total_no_of_packets
                0x1fff03f4                messageErrFlag
                0x1fff03f5                lixoOverflow
                0x1fff03f8                timeout_passed
                0x1fff03fc                TxEnablePin
                0x1fff0400                frame
                0x1fff0480                polling_passed
                0x1fff0484                T1_5
                0x1fff0488                previousPolling
 COMMON         0x1fff048c        0xa ./Generated_Code/adc.o
                0x1fff048c                AdcLdd1_DeviceDataPtr
                0x1fff0490                adc_OutV
 *fill*         0x1fff0496        0x2 
 COMMON         0x1fff0498        0x4 ./Generated_Code/modbusSerial.o
                0x1fff0498                ASerialLdd1_DeviceDataPtr
                0x1fff049c                . = ALIGN (0x4)
                0x1fff049c                __END_BSS = .
                0x1fff049c                PROVIDE (__bss_end__, __END_BSS)
                0x00003978                _romp_at = ((___ROM_AT + SIZEOF (.data)) + SIZEOF (.m_data_20000000))

.romp           0x1fff049c       0x24 load address 0x00003978
                0x00003978                __S_romp = _romp_at
                0x1fff049c        0x4 LONG 0x38fc ___ROM_AT
                0x1fff04a0        0x4 LONG 0x1fff0000 _sdata
                0x1fff04a4        0x4 LONG 0x7c ___data_size
                0x1fff04a8        0x4 LONG 0x3978 ___m_data_20000000_ROMStart
                0x1fff04ac        0x4 LONG 0x20000000 ___m_data_20000000_RAMStart
                0x1fff04b0        0x4 LONG 0x0 ___m_data_20000000_ROMSize
                0x1fff04b4        0x4 LONG 0x0
                0x1fff04b8        0x4 LONG 0x0
                0x1fff04bc        0x4 LONG 0x0
                0x00080000                text_end = (ORIGIN (m_text) + 0x7fbf0)
                0x0000399c                data_init_end = ((___m_data_20000000_ROMStart + SIZEOF (.m_data_20000000)) + SIZEOF (.romp))
                0x00000001                ASSERT ((data_init_end <= text_end), region m_text overflowed with text and data)

._user_heap_stack
                0x1fff04c0      0x400 load address 0x0000399c
                0x1fff04c0                . = ALIGN (0x4)
                0x1fff04c0                PROVIDE (end, .)
                0x1fff04c0                PROVIDE (_end, .)
                0x1fff04c0                PROVIDE (__end__, .)
                0x1fff04c0                __heap_addr = .
                0x1fff04c0                __HeapBase = .
                0x1fff04c0                . = (. + __heap_size)
                0x1fff04c0                __HeapLimit = .
                0x1fff08c0                . = (. + __stack_size)
 *fill*         0x1fff04c0      0x400 
                0x1fff08c0                . = ALIGN (0x4)

.ARM.attributes
                0x00000000       0x30
 *(.ARM.attributes)
 .ARM.attributes
                0x00000000       0x22 c:/freescale/kds_v3/toolchain/bin/../lib/gcc/arm-none-eabi/4.8.4/armv7e-m/fpu/crti.o
 .ARM.attributes
                0x00000022       0x34 c:/freescale/kds_v3/toolchain/bin/../lib/gcc/arm-none-eabi/4.8.4/armv7e-m/fpu/crtbegin.o
 .ARM.attributes
                0x00000056       0x20 c:/freescale/kds_v3/toolchain/bin/../lib/gcc/arm-none-eabi/4.8.4/../../../../arm-none-eabi/lib/armv7e-m/fpu/crt0.o
 .ARM.attributes
                0x00000076       0x39 ./Static_Code/System/CPU_Init.o
 .ARM.attributes
                0x000000af       0x39 ./Static_Code/System/Vectors.o
 .ARM.attributes
                0x000000e8       0x39 ./Sources/Events.o
 .ARM.attributes
                0x00000121       0x39 ./Sources/functions.o
 .ARM.attributes
                0x0000015a       0x39 ./Sources/main.o
 .ARM.attributes
                0x00000193       0x39 ./Sources/modbusMaster.o
 .ARM.attributes
                0x000001cc       0x39 ./Project_Settings/Startup_Code/startup.o
 .ARM.attributes
                0x00000205       0x39 ./Generated_Code/ASerialLdd1.o
 .ARM.attributes
                0x0000023e       0x39 ./Generated_Code/AdcLdd1.o
 .ARM.attributes
                0x00000277       0x39 ./Generated_Code/BitIoLdd1.o
 .ARM.attributes
                0x000002b0       0x39 ./Generated_Code/BitIoLdd2.o
 .ARM.attributes
                0x000002e9       0x39 ./Generated_Code/BitIoLdd3.o
 .ARM.attributes
                0x00000322       0x39 ./Generated_Code/BitIoLdd4.o
 .ARM.attributes
                0x0000035b       0x39 ./Generated_Code/BitIoLdd5.o
 .ARM.attributes
                0x00000394       0x39 ./Generated_Code/Cpu.o
 .ARM.attributes
                0x000003cd       0x39 ./Generated_Code/PE_LDD.o
 .ARM.attributes
                0x00000406       0x39 ./Generated_Code/PwmLdd1.o
 .ARM.attributes
                0x0000043f       0x39 ./Generated_Code/RealTimeLdd1.o
 .ARM.attributes
                0x00000478       0x39 ./Generated_Code/RealTimeLdd2.o
 .ARM.attributes
                0x000004b1       0x39 ./Generated_Code/TU1.o
 .ARM.attributes
                0x000004ea       0x39 ./Generated_Code/TU2.o
 .ARM.attributes
                0x00000523       0x39 ./Generated_Code/TU3.o
 .ARM.attributes
                0x0000055c       0x39 ./Generated_Code/TU4.o
 .ARM.attributes
                0x00000595       0x39 ./Generated_Code/adc.o
 .ARM.attributes
                0x000005ce       0x39 ./Generated_Code/blue.o
 .ARM.attributes
                0x00000607       0x39 ./Generated_Code/delay.o
 .ARM.attributes
                0x00000640       0x39 ./Generated_Code/green.o
 .ARM.attributes
                0x00000679       0x39 ./Generated_Code/modbusSerial.o
 .ARM.attributes
                0x000006b2       0x39 ./Generated_Code/push_button.o
 .ARM.attributes
                0x000006eb       0x39 ./Generated_Code/pwm.o
 .ARM.attributes
                0x00000724       0x39 ./Generated_Code/red.o
 .ARM.attributes
                0x0000075d       0x39 ./Generated_Code/sleepModbus.o
 .ARM.attributes
                0x00000796       0x34 c:/freescale/kds_v3/toolchain/bin/../lib/gcc/arm-none-eabi/4.8.4/../../../../arm-none-eabi/lib/armv7e-m/fpu\libg_s.a(lib_a-exit.o)
 .ARM.attributes
                0x000007ca       0x34 c:/freescale/kds_v3/toolchain/bin/../lib/gcc/arm-none-eabi/4.8.4/../../../../arm-none-eabi/lib/armv7e-m/fpu\libg_s.a(lib_a-impure.o)
 .ARM.attributes
                0x000007fe       0x34 c:/freescale/kds_v3/toolchain/bin/../lib/gcc/arm-none-eabi/4.8.4/../../../../arm-none-eabi/lib/armv7e-m/fpu\libg_s.a(lib_a-init.o)
 .ARM.attributes
                0x00000832       0x34 c:/freescale/kds_v3/toolchain/bin/../lib/gcc/arm-none-eabi/4.8.4/../../../../arm-none-eabi/lib/armv7e-m/fpu\libg_s.a(lib_a-memset.o)
 .ARM.attributes
                0x00000866       0x34 c:/freescale/kds_v3/toolchain/bin/../lib/gcc/arm-none-eabi/4.8.4/../../../../arm-none-eabi/lib/armv7e-m/fpu\libnosys.a(_exit.o)
 .ARM.attributes
                0x0000089a       0x22 c:/freescale/kds_v3/toolchain/bin/../lib/gcc/arm-none-eabi/4.8.4/armv7e-m/fpu/crtn.o
OUTPUT(FRDM22-M1.elf elf32-littlearm)

.debug_info     0x00000000     0x98de
 .debug_info    0x00000000      0xac0 ./Static_Code/System/CPU_Init.o
 .debug_info    0x00000ac0      0x82d ./Static_Code/System/Vectors.o
 .debug_info    0x000012ed      0x2b6 ./Sources/Events.o
 .debug_info    0x000015a3      0x51d ./Sources/functions.o
 .debug_info    0x00001ac0      0x5eb ./Sources/main.o
 .debug_info    0x000020ab      0x9fb ./Sources/modbusMaster.o
 .debug_info    0x00002aa6      0x3b0 ./Project_Settings/Startup_Code/startup.o
 .debug_info    0x00002e56      0xa74 ./Generated_Code/ASerialLdd1.o
 .debug_info    0x000038ca      0x89b ./Generated_Code/AdcLdd1.o
 .debug_info    0x00004165      0x4f5 ./Generated_Code/BitIoLdd1.o
 .debug_info    0x0000465a      0x4f5 ./Generated_Code/BitIoLdd2.o
 .debug_info    0x00004b4f      0x4f5 ./Generated_Code/BitIoLdd3.o
 .debug_info    0x00005044      0x503 ./Generated_Code/BitIoLdd4.o
 .debug_info    0x00005547      0x503 ./Generated_Code/BitIoLdd5.o
 .debug_info    0x00005a4a      0x28c ./Generated_Code/Cpu.o
 .debug_info    0x00005cd6      0x24d ./Generated_Code/PE_LDD.o
 .debug_info    0x00005f23      0x309 ./Generated_Code/PwmLdd1.o
 .debug_info    0x0000622c      0x36e ./Generated_Code/RealTimeLdd1.o
 .debug_info    0x0000659a      0x36e ./Generated_Code/RealTimeLdd2.o
 .debug_info    0x00006908      0x482 ./Generated_Code/TU1.o
 .debug_info    0x00006d8a      0x8fb ./Generated_Code/TU2.o
 .debug_info    0x00007685      0x682 ./Generated_Code/TU3.o
 .debug_info    0x00007d07      0x682 ./Generated_Code/TU4.o
 .debug_info    0x00008389      0x26b ./Generated_Code/adc.o
 .debug_info    0x000085f4      0x10b ./Generated_Code/blue.o
 .debug_info    0x000086ff      0x14f ./Generated_Code/delay.o
 .debug_info    0x0000884e      0x10b ./Generated_Code/green.o
 .debug_info    0x00008959      0x52f ./Generated_Code/modbusSerial.o
 .debug_info    0x00008e88      0x743 ./Generated_Code/push_button.o
 .debug_info    0x000095cb       0xb9 ./Generated_Code/pwm.o
 .debug_info    0x00009684      0x10b ./Generated_Code/red.o
 .debug_info    0x0000978f      0x14f ./Generated_Code/sleepModbus.o

.debug_abbrev   0x00000000     0x28b0
 .debug_abbrev  0x00000000      0x1bf ./Static_Code/System/CPU_Init.o
 .debug_abbrev  0x000001bf       0xd8 ./Static_Code/System/Vectors.o
 .debug_abbrev  0x00000297      0x128 ./Sources/Events.o
 .debug_abbrev  0x000003bf      0x15e ./Sources/functions.o
 .debug_abbrev  0x0000051d      0x147 ./Sources/main.o
 .debug_abbrev  0x00000664      0x1b2 ./Sources/modbusMaster.o
 .debug_abbrev  0x00000816      0x189 ./Project_Settings/Startup_Code/startup.o
 .debug_abbrev  0x0000099f      0x1e8 ./Generated_Code/ASerialLdd1.o
 .debug_abbrev  0x00000b87      0x1b4 ./Generated_Code/AdcLdd1.o
 .debug_abbrev  0x00000d3b      0x14e ./Generated_Code/BitIoLdd1.o
 .debug_abbrev  0x00000e89      0x14e ./Generated_Code/BitIoLdd2.o
 .debug_abbrev  0x00000fd7      0x14e ./Generated_Code/BitIoLdd3.o
 .debug_abbrev  0x00001125      0x15d ./Generated_Code/BitIoLdd4.o
 .debug_abbrev  0x00001282      0x15d ./Generated_Code/BitIoLdd5.o
 .debug_abbrev  0x000013df       0xb7 ./Generated_Code/Cpu.o
 .debug_abbrev  0x00001496      0x10d ./Generated_Code/PE_LDD.o
 .debug_abbrev  0x000015a3      0x13c ./Generated_Code/PwmLdd1.o
 .debug_abbrev  0x000016df      0x150 ./Generated_Code/RealTimeLdd1.o
 .debug_abbrev  0x0000182f      0x150 ./Generated_Code/RealTimeLdd2.o
 .debug_abbrev  0x0000197f      0x16a ./Generated_Code/TU1.o
 .debug_abbrev  0x00001ae9      0x1d0 ./Generated_Code/TU2.o
 .debug_abbrev  0x00001cb9      0x16a ./Generated_Code/TU3.o
 .debug_abbrev  0x00001e23      0x16a ./Generated_Code/TU4.o
 .debug_abbrev  0x00001f8d      0x182 ./Generated_Code/adc.o
 .debug_abbrev  0x0000210f       0xc6 ./Generated_Code/blue.o
 .debug_abbrev  0x000021d5       0xb1 ./Generated_Code/delay.o
 .debug_abbrev  0x00002286       0xc6 ./Generated_Code/green.o
 .debug_abbrev  0x0000234c      0x1d6 ./Generated_Code/modbusSerial.o
 .debug_abbrev  0x00002522      0x1af ./Generated_Code/push_button.o
 .debug_abbrev  0x000026d1       0x68 ./Generated_Code/pwm.o
 .debug_abbrev  0x00002739       0xc6 ./Generated_Code/red.o
 .debug_abbrev  0x000027ff       0xb1 ./Generated_Code/sleepModbus.o

.debug_aranges  0x00000000      0xb58
 .debug_aranges
                0x00000000       0x40 ./Static_Code/System/CPU_Init.o
 .debug_aranges
                0x00000040      0x340 ./Static_Code/System/Vectors.o
 .debug_aranges
                0x00000380       0x78 ./Sources/Events.o
 .debug_aranges
                0x000003f8       0x50 ./Sources/functions.o
 .debug_aranges
                0x00000448       0x20 ./Sources/main.o
 .debug_aranges
                0x00000468       0x58 ./Sources/modbusMaster.o
 .debug_aranges
                0x000004c0       0x50 ./Project_Settings/Startup_Code/startup.o
 .debug_aranges
                0x00000510       0x50 ./Generated_Code/ASerialLdd1.o
 .debug_aranges
                0x00000560       0x60 ./Generated_Code/AdcLdd1.o
 .debug_aranges
                0x000005c0       0x40 ./Generated_Code/BitIoLdd1.o
 .debug_aranges
                0x00000600       0x40 ./Generated_Code/BitIoLdd2.o
 .debug_aranges
                0x00000640       0x40 ./Generated_Code/BitIoLdd3.o
 .debug_aranges
                0x00000680       0x40 ./Generated_Code/BitIoLdd4.o
 .debug_aranges
                0x000006c0       0x40 ./Generated_Code/BitIoLdd5.o
 .debug_aranges
                0x00000700       0x28 ./Generated_Code/Cpu.o
 .debug_aranges
                0x00000728       0x30 ./Generated_Code/PE_LDD.o
 .debug_aranges
                0x00000758       0x48 ./Generated_Code/PwmLdd1.o
 .debug_aranges
                0x000007a0       0x40 ./Generated_Code/RealTimeLdd1.o
 .debug_aranges
                0x000007e0       0x40 ./Generated_Code/RealTimeLdd2.o
 .debug_aranges
                0x00000820       0x28 ./Generated_Code/TU1.o
 .debug_aranges
                0x00000848       0x50 ./Generated_Code/TU2.o
 .debug_aranges
                0x00000898       0x30 ./Generated_Code/TU3.o
 .debug_aranges
                0x000008c8       0x30 ./Generated_Code/TU4.o
 .debug_aranges
                0x000008f8       0x50 ./Generated_Code/adc.o
 .debug_aranges
                0x00000948       0x30 ./Generated_Code/blue.o
 .debug_aranges
                0x00000978       0x40 ./Generated_Code/delay.o
 .debug_aranges
                0x000009b8       0x30 ./Generated_Code/green.o
 .debug_aranges
                0x000009e8       0x90 ./Generated_Code/modbusSerial.o
 .debug_aranges
                0x00000a78       0x50 ./Generated_Code/push_button.o
 .debug_aranges
                0x00000ac8       0x20 ./Generated_Code/pwm.o
 .debug_aranges
                0x00000ae8       0x30 ./Generated_Code/red.o
 .debug_aranges
                0x00000b18       0x40 ./Generated_Code/sleepModbus.o

.debug_ranges   0x00000000      0x958
 .debug_ranges  0x00000000       0x30 ./Static_Code/System/CPU_Init.o
 .debug_ranges  0x00000030      0x330 ./Static_Code/System/Vectors.o
 .debug_ranges  0x00000360       0x68 ./Sources/Events.o
 .debug_ranges  0x000003c8       0x40 ./Sources/functions.o
 .debug_ranges  0x00000408       0x10 ./Sources/main.o
 .debug_ranges  0x00000418       0x48 ./Sources/modbusMaster.o
 .debug_ranges  0x00000460       0x40 ./Project_Settings/Startup_Code/startup.o
 .debug_ranges  0x000004a0       0x40 ./Generated_Code/ASerialLdd1.o
 .debug_ranges  0x000004e0       0x50 ./Generated_Code/AdcLdd1.o
 .debug_ranges  0x00000530       0x30 ./Generated_Code/BitIoLdd1.o
 .debug_ranges  0x00000560       0x30 ./Generated_Code/BitIoLdd2.o
 .debug_ranges  0x00000590       0x30 ./Generated_Code/BitIoLdd3.o
 .debug_ranges  0x000005c0       0x30 ./Generated_Code/BitIoLdd4.o
 .debug_ranges  0x000005f0       0x30 ./Generated_Code/BitIoLdd5.o
 .debug_ranges  0x00000620       0x18 ./Generated_Code/Cpu.o
 .debug_ranges  0x00000638       0x20 ./Generated_Code/PE_LDD.o
 .debug_ranges  0x00000658       0x38 ./Generated_Code/PwmLdd1.o
 .debug_ranges  0x00000690       0x30 ./Generated_Code/RealTimeLdd1.o
 .debug_ranges  0x000006c0       0x30 ./Generated_Code/RealTimeLdd2.o
 .debug_ranges  0x000006f0       0x18 ./Generated_Code/TU1.o
 .debug_ranges  0x00000708       0x40 ./Generated_Code/TU2.o
 .debug_ranges  0x00000748       0x20 ./Generated_Code/TU3.o
 .debug_ranges  0x00000768       0x20 ./Generated_Code/TU4.o
 .debug_ranges  0x00000788       0x40 ./Generated_Code/adc.o
 .debug_ranges  0x000007c8       0x20 ./Generated_Code/blue.o
 .debug_ranges  0x000007e8       0x30 ./Generated_Code/delay.o
 .debug_ranges  0x00000818       0x20 ./Generated_Code/green.o
 .debug_ranges  0x00000838       0x80 ./Generated_Code/modbusSerial.o
 .debug_ranges  0x000008b8       0x40 ./Generated_Code/push_button.o
 .debug_ranges  0x000008f8       0x10 ./Generated_Code/pwm.o
 .debug_ranges  0x00000908       0x20 ./Generated_Code/red.o
 .debug_ranges  0x00000928       0x30 ./Generated_Code/sleepModbus.o

.debug_macro    0x00000000    0x28a85
 .debug_macro   0x00000000      0x393 ./Static_Code/System/CPU_Init.o
 .debug_macro   0x00000393      0x850 ./Static_Code/System/CPU_Init.o
 .debug_macro   0x00000be3       0x16 ./Static_Code/System/CPU_Init.o
 .debug_macro   0x00000bf9       0x44 ./Static_Code/System/CPU_Init.o
 .debug_macro   0x00000c3d      0x209 ./Static_Code/System/CPU_Init.o
 .debug_macro   0x00000e46     0x17d7 ./Static_Code/System/CPU_Init.o
 .debug_macro   0x0000261d     0xbca7 ./Static_Code/System/CPU_Init.o
 .debug_macro   0x0000e2c4      0x4cc ./Static_Code/System/CPU_Init.o
 .debug_macro   0x0000e790      0x14e ./Static_Code/System/CPU_Init.o
 .debug_macro   0x0000e8de       0x6a ./Static_Code/System/CPU_Init.o
 .debug_macro   0x0000e948       0x58 ./Static_Code/System/CPU_Init.o
 .debug_macro   0x0000e9a0       0x35 ./Static_Code/System/CPU_Init.o
 .debug_macro   0x0000e9d5       0xa3 ./Static_Code/System/CPU_Init.o
 .debug_macro   0x0000ea78       0x16 ./Static_Code/System/CPU_Init.o
 .debug_macro   0x0000ea8e       0x22 ./Static_Code/System/CPU_Init.o
 .debug_macro   0x0000eab0       0x22 ./Static_Code/System/CPU_Init.o
 .debug_macro   0x0000ead2       0x94 ./Static_Code/System/CPU_Init.o
 .debug_macro   0x0000eb66      0x12c ./Static_Code/System/CPU_Init.o
 .debug_macro   0x0000ec92       0x40 ./Static_Code/System/CPU_Init.o
 .debug_macro   0x0000ecd2       0x1f ./Static_Code/System/CPU_Init.o
 .debug_macro   0x0000ecf1       0x41 ./Static_Code/System/CPU_Init.o
 .debug_macro   0x0000ed32       0x46 ./Static_Code/System/CPU_Init.o
 .debug_macro   0x0000ed78       0x1f ./Static_Code/System/CPU_Init.o
 .debug_macro   0x0000ed97       0x41 ./Static_Code/System/CPU_Init.o
 .debug_macro   0x0000edd8       0x46 ./Static_Code/System/CPU_Init.o
 .debug_macro   0x0000ee1e       0x1f ./Static_Code/System/CPU_Init.o
 .debug_macro   0x0000ee3d       0x41 ./Static_Code/System/CPU_Init.o
 .debug_macro   0x0000ee7e       0x3d ./Static_Code/System/CPU_Init.o
 .debug_macro   0x0000eebb       0x3d ./Static_Code/System/CPU_Init.o
 .debug_macro   0x0000eef8       0x46 ./Static_Code/System/CPU_Init.o
 .debug_macro   0x0000ef3e       0x1f ./Static_Code/System/CPU_Init.o
 .debug_macro   0x0000ef5d       0x46 ./Static_Code/System/CPU_Init.o
 .debug_macro   0x0000efa3       0x1f ./Static_Code/System/CPU_Init.o
 .debug_macro   0x0000efc2       0x65 ./Static_Code/System/CPU_Init.o
 .debug_macro   0x0000f027       0x20 ./Static_Code/System/CPU_Init.o
 .debug_macro   0x0000f047      0x6a6 ./Static_Code/System/CPU_Init.o
 .debug_macro   0x0000f6ed       0x51 ./Static_Code/System/CPU_Init.o
 .debug_macro   0x0000f73e      0x61c ./Static_Code/System/CPU_Init.o
 .debug_macro   0x0000fd5a       0x7b ./Static_Code/System/CPU_Init.o
 .debug_macro   0x0000fdd5       0x10 ./Static_Code/System/CPU_Init.o
 .debug_macro   0x0000fde5       0x81 ./Static_Code/System/CPU_Init.o
 .debug_macro   0x0000fe66       0x3f ./Static_Code/System/CPU_Init.o
 .debug_macro   0x0000fea5       0x25 ./Static_Code/System/CPU_Init.o
 .debug_macro   0x0000feca       0x64 ./Static_Code/System/CPU_Init.o
 .debug_macro   0x0000ff2e      0x4ea ./Static_Code/System/CPU_Init.o
 .debug_macro   0x00010418       0x74 ./Static_Code/System/CPU_Init.o
 .debug_macro   0x0001048c       0x58 ./Static_Code/System/CPU_Init.o
 .debug_macro   0x000104e4       0x28 ./Static_Code/System/CPU_Init.o
 .debug_macro   0x0001050c       0x18 ./Static_Code/System/CPU_Init.o
 .debug_macro   0x00010524       0x58 ./Static_Code/System/CPU_Init.o
 .debug_macro   0x0001057c       0x28 ./Static_Code/System/CPU_Init.o
 .debug_macro   0x000105a4       0x18 ./Static_Code/System/CPU_Init.o
 .debug_macro   0x000105bc      0x2b2 ./Static_Code/System/CPU_Init.o
 .debug_macro   0x0001086e      0x381 ./Static_Code/System/Vectors.o
 .debug_macro   0x00010bef      0x45a ./Sources/Events.o
 .debug_macro   0x00011049       0x52 ./Sources/Events.o
 .debug_macro   0x0001109b       0x57 ./Sources/Events.o
 .debug_macro   0x000110f2      0x328 ./Sources/Events.o
 .debug_macro   0x0001141a      0x109 ./Sources/Events.o
 .debug_macro   0x00011523      0x17f ./Sources/Events.o
 .debug_macro   0x000116a2      0x202 ./Sources/Events.o
 .debug_macro   0x000118a4      0x91e ./Sources/Events.o
 .debug_macro   0x000121c2       0x9e ./Sources/Events.o
 .debug_macro   0x00012260      0x1f9 ./Sources/Events.o
 .debug_macro   0x00012459      0x39c ./Sources/Events.o
 .debug_macro   0x000127f5      0x29c ./Sources/Events.o
 .debug_macro   0x00012a91      0x264 ./Sources/Events.o
 .debug_macro   0x00012cf5      0x25b ./Sources/Events.o
 .debug_macro   0x00012f50      0x399 ./Sources/Events.o
 .debug_macro   0x000132e9      0x4f1 ./Sources/Events.o
 .debug_macro   0x000137da      0x13f ./Sources/Events.o
 .debug_macro   0x00013919       0x6c ./Sources/Events.o
 .debug_macro   0x00013985      0x30d ./Sources/Events.o
 .debug_macro   0x00013c92       0xbb ./Sources/Events.o
 .debug_macro   0x00013d4d       0xe9 ./Sources/Events.o
 .debug_macro   0x00013e36      0x18f ./Sources/Events.o
 .debug_macro   0x00013fc5       0xea ./Sources/Events.o
 .debug_macro   0x000140af      0x344 ./Sources/Events.o
 .debug_macro   0x000143f3      0x824 ./Sources/Events.o
 .debug_macro   0x00014c17      0x179 ./Sources/Events.o
 .debug_macro   0x00014d90      0x9e2 ./Sources/Events.o
 .debug_macro   0x00015772      0x129 ./Sources/Events.o
 .debug_macro   0x0001589b      0x648 ./Sources/Events.o
 .debug_macro   0x00015ee3       0x81 ./Sources/Events.o
 .debug_macro   0x00015f64      0x7bf ./Sources/Events.o
 .debug_macro   0x00016723      0x66f ./Sources/Events.o
 .debug_macro   0x00016d92       0x7b ./Sources/Events.o
 .debug_macro   0x00016e0d      0x182 ./Sources/Events.o
 .debug_macro   0x00016f8f      0x398 ./Sources/functions.o
 .debug_macro   0x00017327       0x10 ./Sources/functions.o
 .debug_macro   0x00017337      0x166 ./Sources/functions.o
 .debug_macro   0x0001749d       0x52 ./Sources/functions.o
 .debug_macro   0x000174ef       0x16 ./Sources/functions.o
 .debug_macro   0x00017505       0x43 ./Sources/functions.o
 .debug_macro   0x00017548      0x180 ./Sources/functions.o
 .debug_macro   0x000176c8       0xde ./Sources/functions.o
 .debug_macro   0x000177a6      0x46c ./Sources/main.o
 .debug_macro   0x00017c12      0x61c ./Sources/main.o
 .debug_macro   0x0001822e       0x16 ./Sources/main.o
 .debug_macro   0x00018244      0x3c5 ./Sources/modbusMaster.o
 .debug_macro   0x00018609       0x5f ./Sources/modbusMaster.o
 .debug_macro   0x00018668       0x37 ./Sources/modbusMaster.o
 .debug_macro   0x0001869f       0x40 ./Sources/modbusMaster.o
 .debug_macro   0x000186df       0x46 ./Sources/modbusMaster.o
 .debug_macro   0x00018725      0x121 ./Project_Settings/Startup_Code/startup.o
 .debug_macro   0x00018846       0x4a ./Project_Settings/Startup_Code/startup.o
 .debug_macro   0x00018890      0x2a6 ./Project_Settings/Startup_Code/startup.o
 .debug_macro   0x00018b36       0x10 ./Project_Settings/Startup_Code/startup.o
 .debug_macro   0x00018b46       0x35 ./Project_Settings/Startup_Code/startup.o
 .debug_macro   0x00018b7b       0x16 ./Project_Settings/Startup_Code/startup.o
 .debug_macro   0x00018b91       0x22 ./Project_Settings/Startup_Code/startup.o
 .debug_macro   0x00018bb3       0x10 ./Project_Settings/Startup_Code/startup.o
 .debug_macro   0x00018bc3      0x20f ./Project_Settings/Startup_Code/startup.o
 .debug_macro   0x00018dd2     0xbc9b ./Project_Settings/Startup_Code/startup.o
 .debug_macro   0x00024a6d      0x113 ./Generated_Code/ASerialLdd1.o
 .debug_macro   0x00024b80       0x26 ./Generated_Code/ASerialLdd1.o
 .debug_macro   0x00024ba6      0x7b9 ./Generated_Code/ASerialLdd1.o
 .debug_macro   0x0002535f      0x127 ./Generated_Code/AdcLdd1.o
 .debug_macro   0x00025486      0x616 ./Generated_Code/AdcLdd1.o
 .debug_macro   0x00025a9c       0xfa ./Generated_Code/BitIoLdd1.o
 .debug_macro   0x00025b96       0xfa ./Generated_Code/BitIoLdd2.o
 .debug_macro   0x00025c90       0x40 ./Generated_Code/BitIoLdd2.o
 .debug_macro   0x00025cd0       0xfa ./Generated_Code/BitIoLdd3.o
 .debug_macro   0x00025dca       0x40 ./Generated_Code/BitIoLdd3.o
 .debug_macro   0x00025e0a       0xfa ./Generated_Code/BitIoLdd4.o
 .debug_macro   0x00025f04       0xfa ./Generated_Code/BitIoLdd5.o
 .debug_macro   0x00025ffe       0x40 ./Generated_Code/BitIoLdd5.o
 .debug_macro   0x0002603e      0x34a ./Generated_Code/Cpu.o
 .debug_macro   0x00026388      0x2dd ./Generated_Code/PE_LDD.o
 .debug_macro   0x00026665      0x124 ./Generated_Code/PwmLdd1.o
 .debug_macro   0x00026789      0x6a0 ./Generated_Code/PwmLdd1.o
 .debug_macro   0x00026e29       0x7b ./Generated_Code/PwmLdd1.o
 .debug_macro   0x00026ea4      0x109 ./Generated_Code/RealTimeLdd1.o
 .debug_macro   0x00026fad      0x109 ./Generated_Code/RealTimeLdd2.o
 .debug_macro   0x000270b6       0x52 ./Generated_Code/RealTimeLdd2.o
 .debug_macro   0x00027108      0x340 ./Generated_Code/TU1.o
 .debug_macro   0x00027448      0x11e ./Generated_Code/TU2.o
 .debug_macro   0x00027566      0x10f ./Generated_Code/TU3.o
 .debug_macro   0x00027675      0x10f ./Generated_Code/TU4.o
 .debug_macro   0x00027784      0x354 ./Generated_Code/adc.o
 .debug_macro   0x00027ad8      0x124 ./Generated_Code/blue.o
 .debug_macro   0x00027bfc       0xee ./Generated_Code/delay.o
 .debug_macro   0x00027cea       0x37 ./Generated_Code/delay.o
 .debug_macro   0x00027d21      0x124 ./Generated_Code/green.o
 .debug_macro   0x00027e45      0x3be ./Generated_Code/modbusSerial.o
 .debug_macro   0x00028203      0x33a ./Generated_Code/push_button.o
 .debug_macro   0x0002853d      0x336 ./Generated_Code/pwm.o
 .debug_macro   0x00028873      0x124 ./Generated_Code/red.o
 .debug_macro   0x00028997       0xee ./Generated_Code/sleepModbus.o

.debug_line     0x00000000     0xb07c
 .debug_line    0x00000000      0x7c0 ./Static_Code/System/CPU_Init.o
 .debug_line    0x000007c0      0xd5f ./Static_Code/System/Vectors.o
 .debug_line    0x0000151f      0x85a ./Sources/Events.o
 .debug_line    0x00001d79      0x712 ./Sources/functions.o
 .debug_line    0x0000248b      0x79e ./Sources/main.o
 .debug_line    0x00002c29      0x875 ./Sources/modbusMaster.o
 .debug_line    0x0000349e      0x416 ./Project_Settings/Startup_Code/startup.o
 .debug_line    0x000038b4      0x4c2 ./Generated_Code/ASerialLdd1.o
 .debug_line    0x00003d76      0x4a7 ./Generated_Code/AdcLdd1.o
 .debug_line    0x0000421d      0x3ec ./Generated_Code/BitIoLdd1.o
 .debug_line    0x00004609      0x3ec ./Generated_Code/BitIoLdd2.o
 .debug_line    0x000049f5      0x3ec ./Generated_Code/BitIoLdd3.o
 .debug_line    0x00004de1      0x3ee ./Generated_Code/BitIoLdd4.o
 .debug_line    0x000051cf      0x3ee ./Generated_Code/BitIoLdd5.o
 .debug_line    0x000055bd      0x66b ./Generated_Code/Cpu.o
 .debug_line    0x00005c28      0x605 ./Generated_Code/PE_LDD.o
 .debug_line    0x0000622d      0x426 ./Generated_Code/PwmLdd1.o
 .debug_line    0x00006653      0x446 ./Generated_Code/RealTimeLdd1.o
 .debug_line    0x00006a99      0x446 ./Generated_Code/RealTimeLdd2.o
 .debug_line    0x00006edf      0x63d ./Generated_Code/TU1.o
 .debug_line    0x0000751c      0x461 ./Generated_Code/TU2.o
 .debug_line    0x0000797d      0x3ea ./Generated_Code/TU3.o
 .debug_line    0x00007d67      0x3f0 ./Generated_Code/TU4.o
 .debug_line    0x00008157      0x6ac ./Generated_Code/adc.o
 .debug_line    0x00008803      0x3ec ./Generated_Code/blue.o
 .debug_line    0x00008bef      0x3a7 ./Generated_Code/delay.o
 .debug_line    0x00008f96      0x3ee ./Generated_Code/green.o
 .debug_line    0x00009384      0x895 ./Generated_Code/modbusSerial.o
 .debug_line    0x00009c19      0x6c3 ./Generated_Code/push_button.o
 .debug_line    0x0000a2dc      0x603 ./Generated_Code/pwm.o
 .debug_line    0x0000a8df      0x3ea ./Generated_Code/red.o
 .debug_line    0x0000acc9      0x3b3 ./Generated_Code/sleepModbus.o

.debug_str      0x00000000    0xc0c89
 .debug_str     0x00000000    0x6265c ./Static_Code/System/CPU_Init.o
                              0x62812 (size before relaxing)
 .debug_str     0x0006265c      0x980 ./Static_Code/System/Vectors.o
                              0x62c33 (size before relaxing)
 .debug_str     0x00062fdc    0x59428 ./Sources/Events.o
                              0xba8ee (size before relaxing)
 .debug_str     0x000bc404     0x1911 ./Sources/functions.o
                              0x62c94 (size before relaxing)
 .debug_str     0x000bdd15      0x257 ./Sources/main.o
                              0xbab65 (size before relaxing)
 .debug_str     0x000bdf6c      0x25d ./Sources/modbusMaster.o
                              0x63057 (size before relaxing)
 .debug_str     0x000be1c9     0x10aa ./Project_Settings/Startup_Code/startup.o
                              0x45be9 (size before relaxing)
 .debug_str     0x000bf273      0x3a0 ./Generated_Code/ASerialLdd1.o
                              0x5b73c (size before relaxing)
 .debug_str     0x000bf613      0x334 ./Generated_Code/AdcLdd1.o
                              0x51cb1 (size before relaxing)
 .debug_str     0x000bf947       0xe2 ./Generated_Code/BitIoLdd1.o
                              0x4d58f (size before relaxing)
 .debug_str     0x000bfa29       0xa0 ./Generated_Code/BitIoLdd2.o
                              0x4d58f (size before relaxing)
 .debug_str     0x000bfac9       0xa0 ./Generated_Code/BitIoLdd3.o
                              0x4d58f (size before relaxing)
 .debug_str     0x000bfb69       0xa0 ./Generated_Code/BitIoLdd4.o
                              0x4d58f (size before relaxing)
 .debug_str     0x000bfc09       0xa0 ./Generated_Code/BitIoLdd5.o
                              0x4d58f (size before relaxing)
 .debug_str     0x000bfca9       0x28 ./Generated_Code/Cpu.o
                              0x6136a (size before relaxing)
 .debug_str     0x000bfcd1      0x15f ./Generated_Code/PE_LDD.o
                              0x6140c (size before relaxing)
 .debug_str     0x000bfe30      0x11b ./Generated_Code/PwmLdd1.o
                              0x55c92 (size before relaxing)
 .debug_str     0x000bff4b       0xe0 ./Generated_Code/RealTimeLdd1.o
                              0x55a8a (size before relaxing)
 .debug_str     0x000c002b       0xa2 ./Generated_Code/RealTimeLdd2.o
                              0x55a90 (size before relaxing)
 .debug_str     0x000c00cd      0x16f ./Generated_Code/TU1.o
                              0x614ce (size before relaxing)
 .debug_str     0x000c023c      0x1b2 ./Generated_Code/TU2.o
                              0x55e76 (size before relaxing)
 .debug_str     0x000c03ee       0x75 ./Generated_Code/TU3.o
                              0x55c0b (size before relaxing)
 .debug_str     0x000c0463       0x75 ./Generated_Code/TU4.o
                              0x55c11 (size before relaxing)
 .debug_str     0x000c04d8      0x112 ./Generated_Code/adc.o
                              0x613c1 (size before relaxing)
 .debug_str     0x000c05ea       0x45 ./Generated_Code/blue.o
                              0x4d691 (size before relaxing)
 .debug_str     0x000c062f       0x84 ./Generated_Code/delay.o
                              0x4c91c (size before relaxing)
 .debug_str     0x000c06b3       0x43 ./Generated_Code/green.o
                              0x4d6a2 (size before relaxing)
 .debug_str     0x000c06f6      0x344 ./Generated_Code/modbusSerial.o
                              0x61663 (size before relaxing)
 .debug_str     0x000c0a3a      0x156 ./Generated_Code/push_button.o
                              0x615ef (size before relaxing)
 .debug_str     0x000c0b90       0x26 ./Generated_Code/pwm.o
                              0x6127b (size before relaxing)
 .debug_str     0x000c0bb6       0x3b ./Generated_Code/red.o
                              0x4d680 (size before relaxing)
 .debug_str     0x000c0bf1       0x98 ./Generated_Code/sleepModbus.o
                              0x4c9e8 (size before relaxing)

.comment        0x00000000       0x70
 .comment       0x00000000       0x70 ./Static_Code/System/CPU_Init.o
                                 0x71 (size before relaxing)
 .comment       0x00000000       0x71 ./Static_Code/System/Vectors.o
 .comment       0x00000000       0x71 ./Sources/Events.o
 .comment       0x00000000       0x71 ./Sources/functions.o
 .comment       0x00000000       0x71 ./Sources/main.o
 .comment       0x00000000       0x71 ./Sources/modbusMaster.o
 .comment       0x00000000       0x71 ./Project_Settings/Startup_Code/startup.o
 .comment       0x00000000       0x71 ./Generated_Code/ASerialLdd1.o
 .comment       0x00000000       0x71 ./Generated_Code/AdcLdd1.o
 .comment       0x00000000       0x71 ./Generated_Code/BitIoLdd1.o
 .comment       0x00000000       0x71 ./Generated_Code/BitIoLdd2.o
 .comment       0x00000000       0x71 ./Generated_Code/BitIoLdd3.o
 .comment       0x00000000       0x71 ./Generated_Code/BitIoLdd4.o
 .comment       0x00000000       0x71 ./Generated_Code/BitIoLdd5.o
 .comment       0x00000000       0x71 ./Generated_Code/Cpu.o
 .comment       0x00000000       0x71 ./Generated_Code/PE_LDD.o
 .comment       0x00000000       0x71 ./Generated_Code/PwmLdd1.o
 .comment       0x00000000       0x71 ./Generated_Code/RealTimeLdd1.o
 .comment       0x00000000       0x71 ./Generated_Code/RealTimeLdd2.o
 .comment       0x00000000       0x71 ./Generated_Code/TU1.o
 .comment       0x00000000       0x71 ./Generated_Code/TU2.o
 .comment       0x00000000       0x71 ./Generated_Code/TU3.o
 .comment       0x00000000       0x71 ./Generated_Code/TU4.o
 .comment       0x00000000       0x71 ./Generated_Code/adc.o
 .comment       0x00000000       0x71 ./Generated_Code/blue.o
 .comment       0x00000000       0x71 ./Generated_Code/delay.o
 .comment       0x00000000       0x71 ./Generated_Code/green.o
 .comment       0x00000000       0x71 ./Generated_Code/modbusSerial.o
 .comment       0x00000000       0x71 ./Generated_Code/push_button.o
 .comment       0x00000000       0x71 ./Generated_Code/pwm.o
 .comment       0x00000000       0x71 ./Generated_Code/red.o
 .comment       0x00000000       0x71 ./Generated_Code/sleepModbus.o

.debug_frame    0x00000000     0x21cc
 .debug_frame   0x00000000       0x9c ./Static_Code/System/CPU_Init.o
 .debug_frame   0x0000009c      0xcb0 ./Static_Code/System/Vectors.o
 .debug_frame   0x00000d4c      0x148 ./Sources/Events.o
 .debug_frame   0x00000e94       0xdc ./Sources/functions.o
 .debug_frame   0x00000f70       0x2c ./Sources/main.o
 .debug_frame   0x00000f9c      0x104 ./Sources/modbusMaster.o
 .debug_frame   0x000010a0       0xc0 ./Project_Settings/Startup_Code/startup.o
 .debug_frame   0x00001160       0xec ./Generated_Code/ASerialLdd1.o
 .debug_frame   0x0000124c      0x114 ./Generated_Code/AdcLdd1.o
 .debug_frame   0x00001360       0x9c ./Generated_Code/BitIoLdd1.o
 .debug_frame   0x000013fc       0x9c ./Generated_Code/BitIoLdd2.o
 .debug_frame   0x00001498       0x9c ./Generated_Code/BitIoLdd3.o
 .debug_frame   0x00001534       0x9c ./Generated_Code/BitIoLdd4.o
 .debug_frame   0x000015d0       0x9c ./Generated_Code/BitIoLdd5.o
 .debug_frame   0x0000166c       0x50 ./Generated_Code/Cpu.o
 .debug_frame   0x000016bc       0x64 ./Generated_Code/PE_LDD.o
 .debug_frame   0x00001720       0xd0 ./Generated_Code/PwmLdd1.o
 .debug_frame   0x000017f0       0xa4 ./Generated_Code/RealTimeLdd1.o
 .debug_frame   0x00001894       0xa4 ./Generated_Code/RealTimeLdd2.o
 .debug_frame   0x00001938       0x50 ./Generated_Code/TU1.o
 .debug_frame   0x00001988       0xdc ./Generated_Code/TU2.o
 .debug_frame   0x00001a64       0x6c ./Generated_Code/TU3.o
 .debug_frame   0x00001ad0       0x6c ./Generated_Code/TU4.o
 .debug_frame   0x00001b3c       0xdc ./Generated_Code/adc.o
 .debug_frame   0x00001c18       0x64 ./Generated_Code/blue.o
 .debug_frame   0x00001c7c       0x90 ./Generated_Code/delay.o
 .debug_frame   0x00001d0c       0x64 ./Generated_Code/green.o
 .debug_frame   0x00001d70      0x1c8 ./Generated_Code/modbusSerial.o
 .debug_frame   0x00001f38       0xdc ./Generated_Code/push_button.o
 .debug_frame   0x00002014       0x30 ./Generated_Code/pwm.o
 .debug_frame   0x00002044       0x64 ./Generated_Code/red.o
 .debug_frame   0x000020a8       0x90 ./Generated_Code/sleepModbus.o
 .debug_frame   0x00002138       0x28 c:/freescale/kds_v3/toolchain/bin/../lib/gcc/arm-none-eabi/4.8.4/../../../../arm-none-eabi/lib/armv7e-m/fpu\libg_s.a(lib_a-exit.o)
 .debug_frame   0x00002160       0x2c c:/freescale/kds_v3/toolchain/bin/../lib/gcc/arm-none-eabi/4.8.4/../../../../arm-none-eabi/lib/armv7e-m/fpu\libg_s.a(lib_a-init.o)
 .debug_frame   0x0000218c       0x20 c:/freescale/kds_v3/toolchain/bin/../lib/gcc/arm-none-eabi/4.8.4/../../../../arm-none-eabi/lib/armv7e-m/fpu\libg_s.a(lib_a-memset.o)
 .debug_frame   0x000021ac       0x20 c:/freescale/kds_v3/toolchain/bin/../lib/gcc/arm-none-eabi/4.8.4/../../../../arm-none-eabi/lib/armv7e-m/fpu\libnosys.a(_exit.o)
